   Compiling bitcannon v0.1.0-dev.0 (/root/code/tokenizers/benchmarks/hf-bpe/.build/native-j-frontier-sort-cost/source/tokenizers/bitcannon)
   Compiling tk-convert v0.1.0-dev.0 (/root/code/tokenizers/benchmarks/hf-bpe/.build/native-j-frontier-sort-cost/source/tokenizers/tk-convert)
   Compiling tk-encode v0.1.0-dev.0 (/root/code/tokenizers/benchmarks/hf-bpe/.build/native-j-frontier-sort-cost/source/tokenizers/tk-encode)
   Compiling tk-train v0.1.0-dev.0 (/root/code/tokenizers/benchmarks/hf-bpe/.build/native-j-frontier-sort-cost/source/tokenizers/tk-train)
warning: unused import: `std::mem`
 --> /root/code/tokenizers/benchmarks/hf-bpe/.build/native-j-frontier-sort-cost/source/tokenizers/tk-train/src/trainers/bpe/indexed/small_posting.rs:4:5
  |
4 | use std::mem;
  |     ^^^^^^^^
  |
  = note: `#[warn(unused_imports)]` (part of `#[warn(unused)]`) on by default

warning: type `PackedCandidate` is more private than the item `CandidateHeap::Packed::0`
  --> /root/code/tokenizers/benchmarks/hf-bpe/.build/native-j-frontier-sort-cost/source/tokenizers/tk-train/src/trainers/bpe/indexed/parallel/candidate_heap.rs:24:12
   |
24 |     Packed(OctonaryHeap<PackedCandidate>),
   |            ^^^^^^^^^^^^^^^^^^^^^^^^^^^^^ field `CandidateHeap::Packed::0` is reachable at visibility `pub(in crate::trainers::bpe::indexed::parallel)`
   |
note: but type `PackedCandidate` is only usable at visibility `pub(self)`
  --> /root/code/tokenizers/benchmarks/hf-bpe/.build/native-j-frontier-sort-cost/source/tokenizers/tk-train/src/trainers/bpe/indexed/parallel/candidate_heap.rs:5:1
   |
 5 | struct PackedCandidate(u64);
   | ^^^^^^^^^^^^^^^^^^^^^^
   = note: `#[warn(private_interfaces)]` on by default

warning: struct `Merge` is never constructed
  --> /root/code/tokenizers/benchmarks/hf-bpe/.build/native-j-frontier-sort-cost/source/tokenizers/tk-train/src/trainers/bpe/mod.rs:31:8
   |
31 | struct Merge {
   |        ^^^^^
   |
   = note: `#[warn(dead_code)]` (part of `#[warn(unused)]`) on by default

warning: methods `tokenize_words`, `count_pairs`, and `do_train_observed` are never used
   --> /root/code/tokenizers/benchmarks/hf-bpe/.build/native-j-frontier-sort-cost/source/tokenizers/tk-train/src/trainers/bpe/mod.rs:389:8
    |
254 | impl BpeTrainer {
    | --------------- methods in this implementation
...
389 |     fn tokenize_words(
    |        ^^^^^^^^^^^^^^
...
435 |     fn count_pairs(
    |        ^^^^^^^^^^^
...
530 |     fn do_train_observed(
    |        ^^^^^^^^^^^^^^^^^

warning: methods `train_vocab_indexed_parallel`, `train_vocab_indexed`, `train_vocab_fused`, and `do_train_fused` are never used
   --> /root/code/tokenizers/benchmarks/hf-bpe/.build/native-j-frontier-sort-cost/source/tokenizers/tk-train/src/trainers/bpe/indexed.rs:581:19
    |
580 | impl BpeTrainer {
    | --------------- methods in this implementation
581 |     pub(super) fn train_vocab_indexed_parallel(
    |                   ^^^^^^^^^^^^^^^^^^^^^^^^^^^^
...
612 |     pub(super) fn train_vocab_indexed(&self) -> Result<IndexedTraining> {
    |                   ^^^^^^^^^^^^^^^^^^^
...
618 |     pub(super) fn train_vocab_fused(&self) -> Result<IndexedTraining> {
    |                   ^^^^^^^^^^^^^^^^^
...
622 |     pub(super) fn do_train_fused(
    |                   ^^^^^^^^^^^^^^

warning: method `weight` is never used
   --> /root/code/tokenizers/benchmarks/hf-bpe/.build/native-j-frontier-sort-cost/source/tokenizers/tk-train/src/trainers/bpe/indexed/parallel.rs:192:8
    |
182 | impl<O: Offset, const INLINE: usize> Block<O, INLINE> {
    | ----------------------------------------------------- method in this implementation
...
192 |     fn weight(&self, position: usize, uniform: Option<u64>) -> u64 {
    |        ^^^^^^

warning: function `initialize_with_owner_width` is never used
   --> /root/code/tokenizers/benchmarks/hf-bpe/.build/native-j-frontier-sort-cost/source/tokenizers/tk-train/src/trainers/bpe/indexed/parallel/radix_count.rs:110:4
    |
110 | fn initialize_with_owner_width<C: Slot, O: Offset, const INLINE: usize>(
    |    ^^^^^^^^^^^^^^^^^^^^^^^^^^^

warning: struct `Symbol` is never constructed
  --> /root/code/tokenizers/benchmarks/hf-bpe/.build/native-j-frontier-sort-cost/source/tokenizers/tk-train/src/trainers/bpe/word.rs:46:19
   |
46 | pub(crate) struct Symbol {
   |                   ^^^^^^

warning: struct `Word` is never constructed
  --> /root/code/tokenizers/benchmarks/hf-bpe/.build/native-j-frontier-sort-cost/source/tokenizers/tk-train/src/trainers/bpe/word.rs:53:12
   |
53 | pub struct Word {
   |            ^^^^

warning: associated items `new`, `add`, `merge`, `get_chars`, and `get_chars_iter` are never used
   --> /root/code/tokenizers/benchmarks/hf-bpe/.build/native-j-frontier-sort-cost/source/tokenizers/tk-train/src/trainers/bpe/word.rs:75:12
    |
 74 | impl Word {
    | --------- associated items in this implementation
 75 |     pub fn new() -> Self {
    |            ^^^
...
 79 |     pub fn add(&mut self, c: u32, byte_len: usize) {
    |            ^^^
...
 99 |     pub fn merge(
    |            ^^^^^
...
154 |     pub fn get_chars(&self) -> Vec<u32> {
    |            ^^^^^^^^^
...
158 |     pub fn get_chars_iter(&self) -> impl ExactSizeIterator<Item = u32> + '_ {
    |            ^^^^^^^^^^^^^^

warning: `tk-train` (lib) generated 10 warnings (run `cargo fix --lib -p tk-train` to apply 1 suggestion)
   Compiling hf-bpe-native-j-frontier-sort-cost v0.1.0 (/root/code/tokenizers/benchmarks/hf-bpe/.build/native-j-frontier-sort-cost/runner)
    Finished `release` profile [optimized] target(s) in 21.69s
