{"case": "en-bytelevel_regex-16MiB", "block": 0, "arm": "enum", "valid": true, "metrics": {"load_seconds": 0.068319885, "process_hwm_kib_before_validation": 34808, "train_cpu_seconds": 1.365424, "train_seconds": 0.569183356}}
{"case": "en-bytelevel_regex-16MiB", "block": 0, "arm": "direct", "valid": true, "metrics": {"load_seconds": 0.065675575, "process_hwm_kib_before_validation": 34916, "train_cpu_seconds": 1.3910520000000002, "train_seconds": 0.555961359}}
{"case": "en-bytelevel_regex-16MiB", "block": 0, "arm": "u642", "valid": true, "metrics": {"load_seconds": 0.064331664, "process_hwm_kib_before_validation": 41680, "train_cpu_seconds": 1.420294, "train_seconds": 0.586301097}}
{"case": "en-bytelevel_regex-16MiB", "block": 0, "arm": "u644", "valid": true, "metrics": {"load_seconds": 0.069202422, "process_hwm_kib_before_validation": 41452, "train_cpu_seconds": 1.40487, "train_seconds": 0.558037494}}
{"case": "en-bytelevel_regex-16MiB", "block": 1, "arm": "u644", "valid": true, "metrics": {"load_seconds": 0.062899637, "process_hwm_kib_before_validation": 40636, "train_cpu_seconds": 1.3866340000000001, "train_seconds": 0.558135468}}
{"case": "en-bytelevel_regex-16MiB", "block": 1, "arm": "u642", "valid": true, "metrics": {"load_seconds": 0.062741959, "process_hwm_kib_before_validation": 41800, "train_cpu_seconds": 1.4015060000000001, "train_seconds": 0.560630499}}
{"case": "en-bytelevel_regex-16MiB", "block": 1, "arm": "direct", "valid": true, "metrics": {"load_seconds": 0.063910907, "process_hwm_kib_before_validation": 35588, "train_cpu_seconds": 1.345695, "train_seconds": 0.5218667}}
{"case": "en-bytelevel_regex-16MiB", "block": 1, "arm": "enum", "valid": true, "metrics": {"load_seconds": 0.063818257, "process_hwm_kib_before_validation": 35476, "train_cpu_seconds": 1.298067, "train_seconds": 0.500008016}}
{"case": "en-bytelevel_regex-16MiB", "block": 2, "arm": "enum", "valid": true, "metrics": {"load_seconds": 0.064533743, "process_hwm_kib_before_validation": 35208, "train_cpu_seconds": 1.43502, "train_seconds": 0.575203728}}
{"case": "en-bytelevel_regex-16MiB", "block": 2, "arm": "direct", "valid": true, "metrics": {"load_seconds": 0.064595561, "process_hwm_kib_before_validation": 35384, "train_cpu_seconds": 1.4419279999999999, "train_seconds": 0.561533027}}
{"case": "en-bytelevel_regex-16MiB", "block": 2, "arm": "u642", "valid": true, "metrics": {"load_seconds": 0.064952937, "process_hwm_kib_before_validation": 41732, "train_cpu_seconds": 1.340336, "train_seconds": 0.52864165}}
{"case": "en-bytelevel_regex-16MiB", "block": 2, "arm": "u644", "valid": true, "metrics": {"load_seconds": 0.064773074, "process_hwm_kib_before_validation": 40916, "train_cpu_seconds": 1.2690419999999998, "train_seconds": 0.4835154}}
{"case": "en-whitespace-16MiB", "block": 0, "arm": "enum", "valid": true, "metrics": {"load_seconds": 0.054247715, "process_hwm_kib_before_validation": 34756, "train_cpu_seconds": 1.40943, "train_seconds": 0.553931467}}
{"case": "en-whitespace-16MiB", "block": 0, "arm": "direct", "valid": true, "metrics": {"load_seconds": 0.065293319, "process_hwm_kib_before_validation": 35116, "train_cpu_seconds": 1.395416, "train_seconds": 0.52586313}}
{"case": "en-whitespace-16MiB", "block": 0, "arm": "u642", "valid": true, "metrics": {"load_seconds": 0.055321751, "process_hwm_kib_before_validation": 37144, "train_cpu_seconds": 1.362555, "train_seconds": 0.510031672}}
{"case": "en-whitespace-16MiB", "block": 0, "arm": "u644", "valid": true, "metrics": {"load_seconds": 0.053429968, "process_hwm_kib_before_validation": 37916, "train_cpu_seconds": 1.2796750000000001, "train_seconds": 0.470104973}}
{"case": "en-whitespace-16MiB", "block": 1, "arm": "u644", "valid": true, "metrics": {"load_seconds": 0.050060349, "process_hwm_kib_before_validation": 40124, "train_cpu_seconds": 1.225136, "train_seconds": 0.456197567}}
{"case": "en-whitespace-16MiB", "block": 1, "arm": "u642", "valid": true, "metrics": {"load_seconds": 0.051861201, "process_hwm_kib_before_validation": 37328, "train_cpu_seconds": 1.293387, "train_seconds": 0.481562979}}
{"case": "en-whitespace-16MiB", "block": 1, "arm": "direct", "valid": true, "metrics": {"load_seconds": 0.062678972, "process_hwm_kib_before_validation": 35984, "train_cpu_seconds": 1.276491, "train_seconds": 0.481824031}}
{"case": "en-whitespace-16MiB", "block": 1, "arm": "enum", "valid": true, "metrics": {"load_seconds": 0.056023478, "process_hwm_kib_before_validation": 35224, "train_cpu_seconds": 1.34692, "train_seconds": 0.527211278}}
{"case": "en-whitespace-16MiB", "block": 2, "arm": "enum", "valid": true, "metrics": {"load_seconds": 0.051615848, "process_hwm_kib_before_validation": 34848, "train_cpu_seconds": 1.359058, "train_seconds": 0.540474574}}
{"case": "en-whitespace-16MiB", "block": 2, "arm": "direct", "valid": true, "metrics": {"load_seconds": 0.05388997, "process_hwm_kib_before_validation": 35812, "train_cpu_seconds": 1.300856, "train_seconds": 0.497260047}}
{"case": "en-whitespace-16MiB", "block": 2, "arm": "u642", "valid": true, "metrics": {"load_seconds": 0.054748821, "process_hwm_kib_before_validation": 38624, "train_cpu_seconds": 1.2947819999999999, "train_seconds": 0.525212417}}
{"case": "en-whitespace-16MiB", "block": 2, "arm": "u644", "valid": true, "metrics": {"load_seconds": 0.058020477, "process_hwm_kib_before_validation": 40028, "train_cpu_seconds": 1.248508, "train_seconds": 0.497226628}}
{"case": "en-bytelevel_regex-256MiB", "block": 0, "arm": "enum", "valid": true, "metrics": {"load_seconds": 0.423835228, "process_hwm_kib_before_validation": 167972, "train_cpu_seconds": 3.9244049999999997, "train_seconds": 1.8405226959999998}}
{"case": "en-bytelevel_regex-256MiB", "block": 0, "arm": "direct", "valid": true, "metrics": {"load_seconds": 0.410862707, "process_hwm_kib_before_validation": 173420, "train_cpu_seconds": 4.077042, "train_seconds": 1.7497384980000001}}
{"case": "en-bytelevel_regex-256MiB", "block": 0, "arm": "u642", "valid": true, "metrics": {"load_seconds": 0.460379362, "process_hwm_kib_before_validation": 185564, "train_cpu_seconds": 3.821752, "train_seconds": 1.624748525}}
{"case": "en-bytelevel_regex-256MiB", "block": 0, "arm": "u644", "valid": true, "metrics": {"load_seconds": 0.43795487, "process_hwm_kib_before_validation": 190044, "train_cpu_seconds": 3.8013619999999997, "train_seconds": 1.631183814}}
{"case": "en-bytelevel_regex-256MiB", "block": 1, "arm": "u644", "valid": true, "metrics": {"load_seconds": 0.407403136, "process_hwm_kib_before_validation": 188996, "train_cpu_seconds": 3.7723090000000004, "train_seconds": 1.683232055}}
{"case": "en-bytelevel_regex-256MiB", "block": 1, "arm": "u642", "valid": true, "metrics": {"load_seconds": 0.439285686, "process_hwm_kib_before_validation": 186736, "train_cpu_seconds": 3.7898780000000003, "train_seconds": 1.59380165}}
{"case": "en-bytelevel_regex-256MiB", "block": 1, "arm": "direct", "valid": true, "metrics": {"load_seconds": 0.401635002, "process_hwm_kib_before_validation": 173588, "train_cpu_seconds": 4.0081690000000005, "train_seconds": 1.7110661820000002}}
{"case": "en-bytelevel_regex-256MiB", "block": 1, "arm": "enum", "valid": true, "metrics": {"load_seconds": 0.474742014, "process_hwm_kib_before_validation": 172420, "train_cpu_seconds": 4.0446599999999995, "train_seconds": 1.748245898}}
{"case": "en-bytelevel_regex-256MiB", "block": 2, "arm": "enum", "valid": true, "metrics": {"load_seconds": 0.466108338, "process_hwm_kib_before_validation": 172064, "train_cpu_seconds": 3.9791969999999997, "train_seconds": 1.729821549}}
{"case": "en-bytelevel_regex-256MiB", "block": 2, "arm": "direct", "valid": true, "metrics": {"load_seconds": 0.430386522, "process_hwm_kib_before_validation": 173940, "train_cpu_seconds": 3.976272, "train_seconds": 1.748887281}}
{"case": "en-bytelevel_regex-256MiB", "block": 2, "arm": "u642", "valid": true, "metrics": {"load_seconds": 0.422695335, "process_hwm_kib_before_validation": 186348, "train_cpu_seconds": 3.9818670000000003, "train_seconds": 1.6579944009999998}}
{"case": "en-bytelevel_regex-256MiB", "block": 2, "arm": "u644", "valid": true, "metrics": {"load_seconds": 0.429611452, "process_hwm_kib_before_validation": 192668, "train_cpu_seconds": 4.0257819999999995, "train_seconds": 1.681854435}}
{"case": "en-whitespace-256MiB", "block": 0, "arm": "enum", "valid": true, "metrics": {"load_seconds": 0.339625573, "process_hwm_kib_before_validation": 139420, "train_cpu_seconds": 3.721481, "train_seconds": 1.574486368}}
{"case": "en-whitespace-256MiB", "block": 0, "arm": "direct", "valid": true, "metrics": {"load_seconds": 0.326326074, "process_hwm_kib_before_validation": 139904, "train_cpu_seconds": 3.77669, "train_seconds": 1.609269109}}
{"case": "en-whitespace-256MiB", "block": 0, "arm": "u642", "valid": true, "metrics": {"load_seconds": 0.349820176, "process_hwm_kib_before_validation": 155924, "train_cpu_seconds": 3.6095289999999998, "train_seconds": 1.465688323}}
{"case": "en-whitespace-256MiB", "block": 0, "arm": "u644", "valid": true, "metrics": {"load_seconds": 0.33258703, "process_hwm_kib_before_validation": 164296, "train_cpu_seconds": 3.527723, "train_seconds": 1.506556121}}
{"case": "en-whitespace-256MiB", "block": 1, "arm": "u644", "valid": true, "metrics": {"load_seconds": 0.372736493, "process_hwm_kib_before_validation": 155312, "train_cpu_seconds": 3.602993, "train_seconds": 1.498958422}}
{"case": "en-whitespace-256MiB", "block": 1, "arm": "u642", "valid": true, "metrics": {"load_seconds": 0.333756183, "process_hwm_kib_before_validation": 164316, "train_cpu_seconds": 4.154532, "train_seconds": 1.7220676799999999}}
{"case": "en-whitespace-256MiB", "block": 1, "arm": "direct", "valid": true, "metrics": {"load_seconds": 0.345979889, "process_hwm_kib_before_validation": 140040, "train_cpu_seconds": 3.63603, "train_seconds": 1.5106119599999999}}
{"case": "en-whitespace-256MiB", "block": 1, "arm": "enum", "valid": true, "metrics": {"load_seconds": 0.329191441, "process_hwm_kib_before_validation": 139816, "train_cpu_seconds": 3.7267360000000003, "train_seconds": 1.578909308}}
{"case": "en-whitespace-256MiB", "block": 2, "arm": "enum", "valid": true, "metrics": {"load_seconds": 0.336442241, "process_hwm_kib_before_validation": 139124, "train_cpu_seconds": 3.501322, "train_seconds": 1.480235214}}
{"case": "en-whitespace-256MiB", "block": 2, "arm": "direct", "valid": true, "metrics": {"load_seconds": 0.337278, "process_hwm_kib_before_validation": 141236, "train_cpu_seconds": 3.5947890000000005, "train_seconds": 1.48555602}}
{"case": "en-whitespace-256MiB", "block": 2, "arm": "u642", "valid": true, "metrics": {"load_seconds": 0.34104847, "process_hwm_kib_before_validation": 164376, "train_cpu_seconds": 3.525561, "train_seconds": 1.496960078}}
{"case": "en-whitespace-256MiB", "block": 2, "arm": "u644", "valid": true, "metrics": {"load_seconds": 0.350675726, "process_hwm_kib_before_validation": 165436, "train_cpu_seconds": 3.589907, "train_seconds": 1.542387766}}
{"case": "zh-bytelevel_regex-16MiB", "block": 0, "arm": "enum", "valid": true, "metrics": {"load_seconds": 0.623581756, "process_hwm_kib_before_validation": 254972, "train_cpu_seconds": 6.305503, "train_seconds": 2.907995021}}
{"case": "zh-bytelevel_regex-16MiB", "block": 0, "arm": "direct", "valid": true, "metrics": {"load_seconds": 0.627023582, "process_hwm_kib_before_validation": 254740, "train_cpu_seconds": 6.181001999999999, "train_seconds": 2.823602836}}
{"case": "zh-bytelevel_regex-16MiB", "block": 0, "arm": "u642", "valid": true, "metrics": {"load_seconds": 0.625918634, "process_hwm_kib_before_validation": 312736, "train_cpu_seconds": 5.790924, "train_seconds": 2.629006541}}
{"case": "zh-bytelevel_regex-16MiB", "block": 0, "arm": "u644", "valid": true, "metrics": {"load_seconds": 0.604446344, "process_hwm_kib_before_validation": 322732, "train_cpu_seconds": 6.009777, "train_seconds": 2.855896712}}
{"case": "zh-bytelevel_regex-16MiB", "block": 1, "arm": "u644", "valid": true, "metrics": {"load_seconds": 0.600355457, "process_hwm_kib_before_validation": 318116, "train_cpu_seconds": 6.2611, "train_seconds": 2.845881127}}
{"case": "zh-bytelevel_regex-16MiB", "block": 1, "arm": "u642", "valid": true, "metrics": {"load_seconds": 0.615557798, "process_hwm_kib_before_validation": 312120, "train_cpu_seconds": 5.807665, "train_seconds": 2.643886236}}
{"case": "zh-bytelevel_regex-16MiB", "block": 1, "arm": "direct", "valid": true, "metrics": {"load_seconds": 0.608671754, "process_hwm_kib_before_validation": 255252, "train_cpu_seconds": 6.08036, "train_seconds": 2.690857835}}
{"case": "zh-bytelevel_regex-16MiB", "block": 1, "arm": "enum", "valid": true, "metrics": {"load_seconds": 0.609838876, "process_hwm_kib_before_validation": 252448, "train_cpu_seconds": 6.114756, "train_seconds": 2.775567953}}
{"case": "zh-bytelevel_regex-16MiB", "block": 2, "arm": "enum", "valid": true, "metrics": {"load_seconds": 0.646037926, "process_hwm_kib_before_validation": 253116, "train_cpu_seconds": 5.939272999999999, "train_seconds": 2.709993862}}
{"case": "zh-bytelevel_regex-16MiB", "block": 2, "arm": "direct", "valid": true, "metrics": {"load_seconds": 0.595648289, "process_hwm_kib_before_validation": 253368, "train_cpu_seconds": 6.206377, "train_seconds": 2.742061112}}
{"case": "zh-bytelevel_regex-16MiB", "block": 2, "arm": "u642", "valid": true, "metrics": {"load_seconds": 0.604761011, "process_hwm_kib_before_validation": 312756, "train_cpu_seconds": 5.9699930000000005, "train_seconds": 2.6445001919999997}}
{"case": "zh-bytelevel_regex-16MiB", "block": 2, "arm": "u644", "valid": true, "metrics": {"load_seconds": 0.609175771, "process_hwm_kib_before_validation": 323820, "train_cpu_seconds": 6.130287, "train_seconds": 2.782940686}}
{"case": "zh-whitespace-16MiB", "block": 0, "arm": "enum", "valid": true, "metrics": {"load_seconds": 0.428576282, "process_hwm_kib_before_validation": 299556, "train_cpu_seconds": 4.949909, "train_seconds": 2.654374056}}
{"case": "zh-whitespace-16MiB", "block": 0, "arm": "direct", "valid": true, "metrics": {"load_seconds": 0.444497241, "process_hwm_kib_before_validation": 298276, "train_cpu_seconds": 5.090392, "train_seconds": 2.717873629}}
{"case": "zh-whitespace-16MiB", "block": 0, "arm": "u642", "valid": true, "metrics": {"load_seconds": 0.440575084, "process_hwm_kib_before_validation": 313912, "train_cpu_seconds": 5.115925, "train_seconds": 2.743902521}}
{"case": "zh-whitespace-16MiB", "block": 0, "arm": "u644", "valid": true, "metrics": {"load_seconds": 0.41238726, "process_hwm_kib_before_validation": 301892, "train_cpu_seconds": 5.153975, "train_seconds": 2.785211397}}
{"case": "zh-whitespace-16MiB", "block": 1, "arm": "u644", "valid": true, "metrics": {"load_seconds": 0.44570055, "process_hwm_kib_before_validation": 314400, "train_cpu_seconds": 5.423356999999999, "train_seconds": 2.8414097910000002}}
{"case": "zh-whitespace-16MiB", "block": 1, "arm": "u642", "valid": true, "metrics": {"load_seconds": 0.422032654, "process_hwm_kib_before_validation": 312876, "train_cpu_seconds": 5.250343, "train_seconds": 2.84364062}}
{"case": "zh-whitespace-16MiB", "block": 1, "arm": "direct", "valid": true, "metrics": {"load_seconds": 0.423178685, "process_hwm_kib_before_validation": 299436, "train_cpu_seconds": 4.980179000000001, "train_seconds": 2.747399595}}
{"case": "zh-whitespace-16MiB", "block": 1, "arm": "enum", "valid": true, "metrics": {"load_seconds": 0.424437347, "process_hwm_kib_before_validation": 299364, "train_cpu_seconds": 4.783873000000001, "train_seconds": 2.618306057}}
{"case": "zh-whitespace-16MiB", "block": 2, "arm": "enum", "valid": true, "metrics": {"load_seconds": 0.41380919, "process_hwm_kib_before_validation": 300832, "train_cpu_seconds": 4.731455, "train_seconds": 2.550733516}}
{"case": "zh-whitespace-16MiB", "block": 2, "arm": "direct", "valid": true, "metrics": {"load_seconds": 0.424709316, "process_hwm_kib_before_validation": 304432, "train_cpu_seconds": 5.181351, "train_seconds": 2.802497248}}
{"case": "zh-whitespace-16MiB", "block": 2, "arm": "u642", "valid": true, "metrics": {"load_seconds": 0.437432822, "process_hwm_kib_before_validation": 312756, "train_cpu_seconds": 4.984062, "train_seconds": 2.6902223579999998}}
{"case": "zh-whitespace-16MiB", "block": 2, "arm": "u644", "valid": true, "metrics": {"load_seconds": 0.419047197, "process_hwm_kib_before_validation": 314844, "train_cpu_seconds": 4.880421999999999, "train_seconds": 2.686873125}}
{"case": "zh-bytelevel_regex-256MiB", "block": 0, "arm": "enum", "valid": true, "metrics": {"load_seconds": 10.477242557, "process_hwm_kib_before_validation": 2350892, "train_cpu_seconds": 75.105505, "train_seconds": 23.883535749}}
{"case": "zh-bytelevel_regex-256MiB", "block": 0, "arm": "direct", "valid": true, "metrics": {"load_seconds": 10.075265019, "process_hwm_kib_before_validation": 2364560, "train_cpu_seconds": 72.23906600000001, "train_seconds": 22.706867526}}
{"case": "zh-bytelevel_regex-256MiB", "block": 0, "arm": "u642", "valid": true, "metrics": {"load_seconds": 10.138047068, "process_hwm_kib_before_validation": 2422700, "train_cpu_seconds": 68.62719799999999, "train_seconds": 22.237232575}}
{"case": "zh-bytelevel_regex-256MiB", "block": 0, "arm": "u644", "valid": true, "metrics": {"load_seconds": 11.415507112, "process_hwm_kib_before_validation": 2485012, "train_cpu_seconds": 71.360657, "train_seconds": 23.108294394}}
{"case": "zh-bytelevel_regex-256MiB", "block": 1, "arm": "u644", "valid": true, "metrics": {"load_seconds": 11.021688041, "process_hwm_kib_before_validation": 2486764, "train_cpu_seconds": 69.448402, "train_seconds": 22.624399344}}
{"case": "zh-bytelevel_regex-256MiB", "block": 1, "arm": "u642", "valid": true, "metrics": {"load_seconds": 10.22321194, "process_hwm_kib_before_validation": 2438684, "train_cpu_seconds": 68.155012, "train_seconds": 21.852010403}}
{"case": "zh-bytelevel_regex-256MiB", "block": 1, "arm": "direct", "valid": true, "metrics": {"load_seconds": 10.308573217, "process_hwm_kib_before_validation": 2350548, "train_cpu_seconds": 70.719625, "train_seconds": 22.323898689}}
{"case": "zh-bytelevel_regex-256MiB", "block": 1, "arm": "enum", "valid": true, "metrics": {"load_seconds": 10.337777172, "process_hwm_kib_before_validation": 2338076, "train_cpu_seconds": 68.91126600000001, "train_seconds": 21.732407705}}
{"case": "zh-bytelevel_regex-256MiB", "block": 2, "arm": "enum", "valid": true, "metrics": {"load_seconds": 10.714194731, "process_hwm_kib_before_validation": 2341868, "train_cpu_seconds": 67.381978, "train_seconds": 21.238812721}}
{"case": "zh-bytelevel_regex-256MiB", "block": 2, "arm": "direct", "valid": true, "metrics": {"load_seconds": 10.042058903, "process_hwm_kib_before_validation": 2353624, "train_cpu_seconds": 73.495932, "train_seconds": 23.33433749}}
{"case": "zh-bytelevel_regex-256MiB", "block": 2, "arm": "u642", "valid": true, "metrics": {"load_seconds": 10.326577964, "process_hwm_kib_before_validation": 2488336, "train_cpu_seconds": 69.48478, "train_seconds": 22.324962809}}
{"case": "zh-bytelevel_regex-256MiB", "block": 2, "arm": "u644", "valid": true, "metrics": {"load_seconds": 11.035543708, "process_hwm_kib_before_validation": 2469784, "train_cpu_seconds": 69.444147, "train_seconds": 22.705183379}}
{"case": "zh-whitespace-256MiB", "block": 0, "arm": "enum", "valid": true, "metrics": {"load_seconds": 7.2022808, "process_hwm_kib_before_validation": 1843940, "train_cpu_seconds": 56.905932, "train_seconds": 20.989576778}}
{"case": "zh-whitespace-256MiB", "block": 0, "arm": "direct", "valid": true, "metrics": {"load_seconds": 7.426417243, "process_hwm_kib_before_validation": 1829996, "train_cpu_seconds": 61.322545000000005, "train_seconds": 22.416180324}}
{"case": "zh-whitespace-256MiB", "block": 0, "arm": "u642", "valid": true, "metrics": {"load_seconds": 7.302967503, "process_hwm_kib_before_validation": 1836232, "train_cpu_seconds": 62.204318, "train_seconds": 22.95235482}}
{"case": "zh-whitespace-256MiB", "block": 0, "arm": "u644", "valid": true, "metrics": {"load_seconds": 7.201883244, "process_hwm_kib_before_validation": 1845312, "train_cpu_seconds": 64.932042, "train_seconds": 24.396145652}}
{"case": "zh-whitespace-256MiB", "block": 1, "arm": "u644", "valid": true, "metrics": {"load_seconds": 7.597496202, "process_hwm_kib_before_validation": 1844568, "train_cpu_seconds": 60.844928, "train_seconds": 22.448509648}}
{"case": "zh-whitespace-256MiB", "block": 1, "arm": "u642", "valid": true, "metrics": {"load_seconds": 7.46257558, "process_hwm_kib_before_validation": 1833128, "train_cpu_seconds": 59.972196, "train_seconds": 21.902956918}}
{"case": "zh-whitespace-256MiB", "block": 1, "arm": "direct", "valid": true, "metrics": {"load_seconds": 7.651003021, "process_hwm_kib_before_validation": 1850008, "train_cpu_seconds": 64.9165, "train_seconds": 24.107831084}}
{"case": "zh-whitespace-256MiB", "block": 1, "arm": "enum", "valid": true, "metrics": {"load_seconds": 7.146867514, "process_hwm_kib_before_validation": 1833748, "train_cpu_seconds": 58.411452999999995, "train_seconds": 21.604198085}}
{"case": "zh-whitespace-256MiB", "block": 2, "arm": "enum", "valid": true, "metrics": {"load_seconds": 7.526509252, "process_hwm_kib_before_validation": 1832944, "train_cpu_seconds": 58.362615, "train_seconds": 21.601782684}}
{"case": "zh-whitespace-256MiB", "block": 2, "arm": "direct", "valid": true, "metrics": {"load_seconds": 7.538594993, "process_hwm_kib_before_validation": 1829184, "train_cpu_seconds": 64.82103, "train_seconds": 23.767049047}}
{"case": "zh-whitespace-256MiB", "block": 2, "arm": "u642", "valid": true, "metrics": {"load_seconds": 7.409510467, "process_hwm_kib_before_validation": 1847032, "train_cpu_seconds": 60.064536000000004, "train_seconds": 21.948699344}}
{"case": "zh-whitespace-256MiB", "block": 2, "arm": "u644", "valid": true, "metrics": {"load_seconds": 7.334750815, "process_hwm_kib_before_validation": 1841456, "train_cpu_seconds": 67.598819, "train_seconds": 25.15774085}}
