   Compiling tk-train v0.1.0-dev.0 (/root/code/tokenizers-worktrees/affix-general/tokenizers/tk-train)
warning: methods `train_vocab_indexed_parallel` and `train_vocab_fused` are never used
   --> src/trainers/bpe/indexed.rs:744:19
    |
743 | impl BpeTrainer {
    | --------------- methods in this implementation
744 |     pub(super) fn train_vocab_indexed_parallel(
    |                   ^^^^^^^^^^^^^^^^^^^^^^^^^^^^
...
781 |     pub(super) fn train_vocab_fused(&self) -> Result<IndexedTraining> {
    |                   ^^^^^^^^^^^^^^^^^
    |
    = note: `#[warn(dead_code)]` (part of `#[warn(unused)]`) on by default

warning: method `len` is never used
  --> src/trainers/bpe/indexed/parallel/candidate_heap.rs:80:19
   |
32 | impl CandidateHeap {
   | ------------------ method in this implementation
...
80 |     pub(super) fn len(&self) -> usize {
   |                   ^^^

warning: `tk-train` (lib test) generated 2 warnings
    Finished `test` profile [unoptimized + debuginfo] target(s) in 4.05s
     Running unittests src/lib.rs (/root/code/tokenizers/tokenizers/target/debug/deps/tk_train-94b7ceb75e55e523)

running 1 test
test trainers::bpe::indexed::parallel::tests::nonempty_alias_affixes_keep_the_serial_cohort_path ... ok

test result: ok. 1 passed; 0 failed; 0 ignored; 0 measured; 69 filtered out; finished in 0.10s

