   Compiling proc-macro2 v1.0.107
   Compiling quote v1.0.47
   Compiling unicode-ident v1.0.26
   Compiling crossbeam-utils v0.8.23
   Compiling serde_core v1.0.229
   Compiling libc v0.2.190
   Compiling cfg-if v1.0.5
   Compiling crossbeam-epoch v0.9.21
   Compiling syn v3.0.6
   Compiling crossbeam-deque v0.8.8
   Compiling rayon-core v1.13.0
   Compiling serde v1.0.229
   Compiling either v1.19.0
   Compiling zerocopy v0.8.61
   Compiling rand_core v0.10.1
   Compiling serde_derive v1.0.229
   Compiling getrandom v0.4.3
   Compiling memchr v2.8.3
   Compiling rustix v1.1.5
   Compiling equivalent v1.0.2
   Compiling bitflags v2.13.2
   Compiling radium v0.7.0
   Compiling rayon v1.12.0
   Compiling syn v2.0.119
   Compiling getrandom v0.3.4
   Compiling thiserror v2.0.21
   Compiling version_check v0.9.5
   Compiling linux-raw-sys v0.12.1
   Compiling zmij v1.0.23
   Compiling tap v1.0.1
   Compiling cpufeatures v0.3.1
   Compiling once_cell v1.21.4
   Compiling allocator-api2 v0.2.21
   Compiling foldhash v0.2.0
   Compiling rustversion v1.0.23
   Compiling hashbrown v0.16.1
   Compiling chacha20 v0.10.2
   Compiling wyz v0.5.1
   Compiling ahash v0.8.12
   Compiling mem_dbg-derive v0.3.4
   Compiling ppv-lite86 v0.2.21
   Compiling thiserror-impl v2.0.21
   Compiling itoa v1.0.18
   Compiling serde_json v1.0.151
   Compiling funty v2.0.0
   Compiling fastrand v2.5.0
   Compiling partition v0.1.2
   Compiling arbitrary-chunks v0.4.1
   Compiling paste v1.0.15
   Compiling minimal-lexical v0.2.1
   Compiling byteorder v1.5.0
   Compiling bytemuck v1.25.2
   Compiling fxhash v0.2.1
   Compiling nom v7.1.3
   Compiling safe_arch v1.2.0
   Compiling rdst v0.20.14
   Compiling tempfile v3.27.0
   Compiling bitvec v1.1.1
   Compiling rand_chacha v0.10.0
   Compiling mem_dbg v0.4.4
   Compiling rand v0.10.3
   Compiling itertools v0.15.0
   Compiling itertools v0.14.0
   Compiling log v0.4.34
   Compiling saa v5.6.2
   Compiling unicode-segmentation v1.13.3
   Compiling esaxx-rs v0.1.10
   Compiling smallvec v1.16.2
   Compiling base64 v0.13.1
   Compiling prefetch-index v0.2.1
   Compiling tinyvec v1.13.3
   Compiling colored v3.1.1
   Compiling bitcannon v0.1.0-dev.2 (/root/code/tokenizers-workspaces/bpe-simplification/tokenizers/bitcannon)
   Compiling xxhash-rust v0.8.19
   Compiling ptr_hash v2.1.2
   Compiling unicode-normalization v0.1.25
   Compiling spm_precompiled v0.1.4
   Compiling unicode-normalization-alignments v0.1.12
   Compiling sdd v4.8.11
   Compiling rayon-cond v0.4.0
   Compiling castaway v0.2.4
   Compiling wide v1.7.1
   Compiling dary_heap v0.3.9
   Compiling yada v0.7.0
   Compiling unicode_categories v0.1.1
   Compiling ryu v1.0.23
   Compiling static_assertions v1.1.0
   Compiling hashbrown v0.17.1
   Compiling indexmap v2.14.2
   Compiling compact_str v0.9.1
   Compiling tk-convert v0.1.0-dev.2 (/root/code/tokenizers-workspaces/bpe-simplification/tokenizers/tk-convert)
   Compiling scc v3.8.8
   Compiling bumpalo v3.20.3
   Compiling tk-encode v0.1.0-dev.2 (/root/code/tokenizers-workspaces/bpe-simplification/tokenizers/tk-encode)
   Compiling tk-train v0.1.0-dev.2 (/root/code/tokenizers-workspaces/bpe-simplification/tokenizers/tk-train)
   Compiling bpe-bench-runner v0.1.0 (/root/code/tokenizers-workspaces/bpe-simplification/experiments/bpe-simplification/runner)
    Finished `release` profile [optimized] target(s) in 1m 30s
