    Checking libc v0.2.190
    Checking cfg-if v1.0.5
    Checking crossbeam-utils v0.8.23
    Checking serde_core v1.0.229
    Checking crossbeam-epoch v0.9.21
    Checking rand_core v0.10.1
    Checking either v1.19.0
    Checking crossbeam-deque v0.8.8
    Checking rayon-core v1.13.0
    Checking zerocopy v0.8.62
    Checking serde v1.0.229
    Checking bitflags v2.13.2
    Checking memchr v2.8.3
    Checking equivalent v1.0.2
    Checking rayon v1.12.0
    Checking getrandom v0.4.3
    Checking foldhash v0.2.0
    Checking once_cell v1.21.4
    Checking allocator-api2 v0.2.21
    Checking cpufeatures v0.3.1
    Checking tap v1.0.1
    Checking linux-raw-sys v0.12.1
    Checking hashbrown v0.16.1
    Checking rustix v1.1.5
    Checking wyz v0.5.1
    Checking chacha20 v0.10.2
    Checking ppv-lite86 v0.2.21
    Checking radium v0.7.0
    Checking unicode-width v0.2.2
    Checking fastrand v2.5.0
    Checking bytemuck v1.25.2
    Checking funty v2.0.0
    Checking partition v0.1.2
    Checking minimal-lexical v0.2.1
    Checking arbitrary-chunks v0.4.1
    Checking byteorder v1.5.0
    Checking rdst v0.20.14
    Checking fxhash v0.2.1
    Checking bitvec v1.1.1
    Checking nom v7.1.3
    Checking safe_arch v1.2.0
    Checking tempfile v3.27.0
    Checking console v0.16.6
    Checking thiserror v2.0.21
    Checking mem_dbg v0.4.4
    Checking portable-atomic v1.15.0
    Checking rand_chacha v0.10.0
    Checking getrandom v0.3.4
    Checking rand v0.10.3
    Checking itertools v0.15.0
    Checking itertools v0.14.0
    Checking itoa v1.0.18
    Checking smallvec v1.16.3
    Checking tinyvec v1.13.3
    Checking prefetch-index v0.2.1
    Checking unit-prefix v0.5.2
    Checking log v0.4.34
    Checking unicode-segmentation v1.13.3
    Checking base64 v0.13.1
    Checking bitcannon v0.1.0-dev.2 (/root/code/tokenizers-workspaces/bpe-global-simplification/tokenizers/bitcannon)
    Checking colored v3.1.1
    Checking xxhash-rust v0.8.19
    Checking ptr_hash v2.1.2
    Checking spm_precompiled v0.1.4
    Checking unicode-normalization v0.1.25
    Checking indicatif v0.18.6
    Checking rayon-cond v0.4.0
    Checking unicode-normalization-alignments v0.1.12
    Checking ahash v0.8.12
    Checking wide v1.7.1
    Checking zmij v1.0.23
    Checking dary_heap v0.3.9
    Checking saa v5.6.2
    Checking unicode_categories v0.1.1
    Checking yada v0.7.0
    Checking sdd v4.8.11
    Checking serde_json v1.0.151
    Checking castaway v0.2.4
    Checking ryu v1.0.23
    Checking hashbrown v0.17.1
    Checking static_assertions v1.1.0
    Checking compact_str v0.9.1
    Checking indexmap v2.14.2
    Checking tk-convert v0.1.0-dev.2 (/root/code/tokenizers-workspaces/bpe-global-simplification/tokenizers/tk-convert)
    Checking esaxx-rs v0.1.10
    Checking scc v3.8.8
    Checking bumpalo v3.20.3
    Checking base64 v0.22.1
    Checking hifijson v0.5.0
    Checking tk-encode v0.1.0-dev.2 (/root/code/tokenizers-workspaces/bpe-global-simplification/tokenizers/tk-encode)
    Checking assert_approx_eq v1.1.0
    Checking tk-serialize v0.1.0-dev.2 (/root/code/tokenizers-workspaces/bpe-global-simplification/tokenizers/tk-serialize)
    Checking tk-train v0.1.0-dev.2 (/root/code/tokenizers-workspaces/bpe-global-simplification/tokenizers/tk-train)
    Finished `dev` profile [unoptimized + debuginfo] target(s) in 28.31s
