{"case": "zh-256MiB", "block": 0, "arm": "baseline", "valid": true, "metrics": {"load_seconds": 10.301276, "process_hwm_kib_before_validation": 2339792, "train_cpu_seconds": 73.959222, "train_seconds": 23.570527295}}
{"case": "zh-256MiB", "block": 0, "arm": "local", "valid": true, "metrics": {"load_seconds": 11.008087516, "process_hwm_kib_before_validation": 2339068, "train_cpu_seconds": 68.797859, "train_seconds": 21.876422558}}
{"case": "zh-256MiB", "block": 0, "arm": "group", "valid": true, "metrics": {"load_seconds": 11.622483953, "process_hwm_kib_before_validation": 2348684, "train_cpu_seconds": 70.052179, "train_seconds": 22.346181323}}
{"case": "zh-256MiB", "block": 0, "arm": "snapshot", "valid": true, "metrics": {"load_seconds": 10.697329021, "process_hwm_kib_before_validation": 2349348, "train_cpu_seconds": 66.825849, "train_seconds": 21.168016927}}
{"case": "zh-256MiB", "block": 1, "arm": "local", "valid": true, "metrics": {"load_seconds": 11.085862472, "process_hwm_kib_before_validation": 2345232, "train_cpu_seconds": 69.642093, "train_seconds": 22.04819425}}
{"case": "zh-256MiB", "block": 1, "arm": "group", "valid": true, "metrics": {"load_seconds": 10.425634042, "process_hwm_kib_before_validation": 2339364, "train_cpu_seconds": 67.640176, "train_seconds": 21.288739496}}
{"case": "zh-256MiB", "block": 1, "arm": "snapshot", "valid": true, "metrics": {"load_seconds": 10.816538409, "process_hwm_kib_before_validation": 2347400, "train_cpu_seconds": 68.701181, "train_seconds": 21.783858408}}
{"case": "zh-256MiB", "block": 1, "arm": "baseline", "valid": true, "metrics": {"load_seconds": 10.7117463, "process_hwm_kib_before_validation": 2353576, "train_cpu_seconds": 68.87958, "train_seconds": 22.214158574}}
{"case": "zh-256MiB", "block": 2, "arm": "group", "valid": true, "metrics": {"load_seconds": 10.479981794, "process_hwm_kib_before_validation": 2346416, "train_cpu_seconds": 65.63990899999999, "train_seconds": 20.540887852}}
{"case": "zh-256MiB", "block": 2, "arm": "snapshot", "valid": true, "metrics": {"load_seconds": 9.810247094, "process_hwm_kib_before_validation": 2345428, "train_cpu_seconds": 66.959194, "train_seconds": 21.356587055}}
{"case": "zh-256MiB", "block": 2, "arm": "baseline", "valid": true, "metrics": {"load_seconds": 10.413790107, "process_hwm_kib_before_validation": 2345864, "train_cpu_seconds": 66.958011, "train_seconds": 21.672487091}}
{"case": "zh-256MiB", "block": 2, "arm": "local", "valid": true, "metrics": {"load_seconds": 10.082053683, "process_hwm_kib_before_validation": 2337696, "train_cpu_seconds": 66.494743, "train_seconds": 21.122071958}}
{"case": "zh-whitespace-256MiB", "block": 0, "arm": "baseline", "valid": true, "metrics": {"load_seconds": 7.067667287, "process_hwm_kib_before_validation": 1832268, "train_cpu_seconds": 55.595746, "train_seconds": 20.496146931}}
{"case": "zh-whitespace-256MiB", "block": 0, "arm": "local", "valid": true, "metrics": {"load_seconds": 6.926740418, "process_hwm_kib_before_validation": 1807612, "train_cpu_seconds": 55.968064, "train_seconds": 20.211321339}}
{"case": "zh-whitespace-256MiB", "block": 0, "arm": "group", "valid": true, "metrics": {"load_seconds": 7.193794775, "process_hwm_kib_before_validation": 1813468, "train_cpu_seconds": 54.983649, "train_seconds": 20.303336033}}
{"case": "zh-whitespace-256MiB", "block": 0, "arm": "snapshot", "valid": true, "metrics": {"load_seconds": 7.366580057, "process_hwm_kib_before_validation": 1793820, "train_cpu_seconds": 58.417066, "train_seconds": 21.903810364}}
{"case": "zh-whitespace-256MiB", "block": 1, "arm": "local", "valid": true, "metrics": {"load_seconds": 7.455123995, "process_hwm_kib_before_validation": 1786108, "train_cpu_seconds": 55.580947, "train_seconds": 21.008555828}}
{"case": "zh-whitespace-256MiB", "block": 1, "arm": "group", "valid": true, "metrics": {"load_seconds": 7.520988573, "process_hwm_kib_before_validation": 1827408, "train_cpu_seconds": 60.163674, "train_seconds": 22.149750647}}
{"case": "zh-whitespace-256MiB", "block": 1, "arm": "snapshot", "valid": true, "metrics": {"load_seconds": 7.680728993, "process_hwm_kib_before_validation": 1785064, "train_cpu_seconds": 57.81127800000001, "train_seconds": 21.688593307}}
{"case": "zh-whitespace-256MiB", "block": 1, "arm": "baseline", "valid": true, "metrics": {"load_seconds": 9.028234457, "process_hwm_kib_before_validation": 1809724, "train_cpu_seconds": 56.94941, "train_seconds": 21.26111586}}
{"case": "zh-whitespace-256MiB", "block": 2, "arm": "group", "valid": true, "metrics": {"load_seconds": 7.207899165, "process_hwm_kib_before_validation": 1831168, "train_cpu_seconds": 55.798022, "train_seconds": 20.795977626}}
{"case": "zh-whitespace-256MiB", "block": 2, "arm": "snapshot", "valid": true, "metrics": {"load_seconds": 7.441899028, "process_hwm_kib_before_validation": 1787900, "train_cpu_seconds": 57.289353, "train_seconds": 21.246478741}}
{"case": "zh-whitespace-256MiB", "block": 2, "arm": "baseline", "valid": true, "metrics": {"load_seconds": 7.132003697, "process_hwm_kib_before_validation": 1767180, "train_cpu_seconds": 58.932641999999994, "train_seconds": 22.331840792}}
{"case": "zh-whitespace-256MiB", "block": 2, "arm": "local", "valid": true, "metrics": {"load_seconds": 7.503446519, "process_hwm_kib_before_validation": 1788356, "train_cpu_seconds": 57.68607600000001, "train_seconds": 21.332832524}}
