    Updating crates.io index
     Locking 2 packages to highest Rust 1.101.0-nightly compatible versions
      Adding cfg-if v1.0.5
      Adding thread_local v1.1.10
   Compiling smallvec v1.16.2
   Compiling lean-bpe-codec-check v0.0.0 (/root/code/tokenizers-workspaces/bpe-heap-experiment/experiments/bpe-simplification/miri-codec)
warning: constant `RESTART` is never used
 --> src/../../../../tokenizers/tk-train/src/trainers/bpe/positions.rs:8:7
  |
8 | const RESTART: usize = 128;
  |       ^^^^^^^
  |
  = note: `#[warn(dead_code)]` (part of `#[warn(unused)]`) on by default

warning: struct `Codec` is never constructed
  --> src/../../../../tokenizers/tk-train/src/trainers/bpe/positions.rs:12:19
   |
12 | pub(super) struct Codec {
   |                   ^^^^^

warning: associated items `new` and `lease` are never used
  --> src/../../../../tokenizers/tk-train/src/trainers/bpe/positions.rs:16:19
   |
15 | impl Codec {
   | ---------- associated items in this implementation
16 |     pub(super) fn new(workers: usize) -> Self {
   |                   ^^^
...
21 |     pub(super) fn lease(&self) -> Lease<'_> {
   |                   ^^^^^

warning: struct `Worker` is never constructed
  --> src/../../../../tokenizers/tk-train/src/trainers/bpe/positions.rs:32:8
   |
32 | struct Worker {
   |        ^^^^^^

warning: method `encode_stream` is never used
  --> src/../../../../tokenizers/tk-train/src/trainers/bpe/positions.rs:40:8
   |
37 | impl Worker {
   | ----------- method in this implementation
...
40 |     fn encode_stream(&mut self, input: &Input<'_>) -> Result<()> {
   |        ^^^^^^^^^^^^^

warning: struct `Lease` is never constructed
  --> src/../../../../tokenizers/tk-train/src/trainers/bpe/positions.rs:67:19
   |
67 | pub(super) struct Lease<'codec> {
   |                   ^^^^^

warning: enum `Builder` is never used
  --> src/../../../../tokenizers/tk-train/src/trainers/bpe/positions.rs:73:17
   |
73 | pub(super) enum Builder {
   |                 ^^^^^^^

warning: methods `iter`, `len`, `is_empty`, `push`, `push_ordered`, and `append` are never used
   --> src/../../../../tokenizers/tk-train/src/trainers/bpe/positions.rs:85:19
    |
 84 | impl Builder {
    | ------------ methods in this implementation
 85 |     pub(super) fn iter(
    |                   ^^^^
...
 94 |     pub(super) fn len(&self) -> usize {
    |                   ^^^
...
 98 |     pub(super) fn is_empty(&self) -> bool {
    |                   ^^^^^^^^
...
102 |     pub(super) fn push(&mut self, position: u64) -> Result<()> {
    |                   ^^^^
...
111 |     pub(super) fn push_ordered(&mut self, position: u64) -> Result<()> {
    |                   ^^^^^^^^^^^^
...
125 |     pub(super) fn append(&mut self, mut other: Self) -> Result<()> {
    |                   ^^^^^^

warning: enum `Input` is never used
   --> src/../../../../tokenizers/tk-train/src/trainers/bpe/positions.rs:150:17
    |
150 | pub(super) enum Input<'a> {
    |                 ^^^^^

warning: methods `len`, `bounds`, and `iter` are never used
   --> src/../../../../tokenizers/tk-train/src/trainers/bpe/positions.rs:157:8
    |
156 | impl Input<'_> {
    | -------------- methods in this implementation
157 |     fn len(&self) -> Result<usize> {
    |        ^^^
...
168 |     fn bounds(&self) -> Option<(u64, u64)> {
    |        ^^^^^^
...
183 |     fn iter(&self) -> impl Iterator<Item = u64> + '_ {
    |        ^^^^

warning: enum `Positions` is never used
   --> src/../../../../tokenizers/tk-train/src/trainers/bpe/positions.rs:202:17
    |
202 | pub(super) enum Positions {
    |                 ^^^^^^^^^

warning: function `prefix` is never used
   --> src/../../../../tokenizers/tk-train/src/trainers/bpe/positions.rs:209:4
    |
209 | fn prefix(count: usize) -> usize {
    |    ^^^^^^

warning: multiple associated items are never used
   --> src/../../../../tokenizers/tk-train/src/trainers/bpe/positions.rs:214:19
    |
213 | impl Positions {
    | -------------- associated items in this implementation
214 |     pub(super) fn len(&self) -> usize {
    |                   ^^^
...
224 |     pub(super) fn is_empty(&self) -> bool {
    |                   ^^^^^^^^
...
227 |     pub(super) fn from_sorted(input: Input<'_>, lease: &mut Lease<'_>) -> Result<Self> {
    |                   ^^^^^^^^^^^
...
257 |     fn bytes(&self) -> &[u8] {
    |        ^^^^^
...
263 |     fn offset(&self, block: usize) -> usize {
    |        ^^^^^^
...
277 |     pub(super) fn block_count(&self) -> usize {
    |                   ^^^^^^^^^^^
...
281 |     pub(super) fn block_ranges(&self, target_items: usize) -> impl Iterator<Item = Range<usize>> {
    |                   ^^^^^^^^^^^^
...
288 |     pub(super) fn iter(&self) -> impl Iterator<Item = u64> + '_ {
    |                   ^^^^
...
292 |     pub(super) fn read_blocks(&self, range: Range<usize>) -> impl Iterator<Item = u64> + '_ {
    |                   ^^^^^^^^^^^
...
321 |     pub(super) fn lower_bound(&self, target: u64) -> usize {
    |                   ^^^^^^^^^^^
...
340 |     pub(super) fn from(&self, index: usize) -> impl Iterator<Item = u64> + '_ {
    |                   ^^^^

warning: struct `Cursor` is never constructed
   --> src/../../../../tokenizers/tk-train/src/trainers/bpe/positions.rs:347:8
    |
347 | struct Cursor<'a> {
    |        ^^^^^^

warning: `lean-bpe-codec-check` (lib) generated 14 warnings
warning: unused dependency `rayon`
 --> Cargo.toml:7:1
  |
7 | rayon = "1.10"
  | ^^^^^^^^^^^^^^
  |
  = note: `cargo::unused_dependencies` is set to `warn` by default
help: consider removing the dependency on `rayon`
warning: `lean-bpe-codec-check` (manifest) generated 1 warning
    Finished `test` profile [unoptimized + debuginfo] target(s) in 0.75s
     Running unittests src/lib.rs (/tmp/bpe-library-miri/miri/x86_64-unknown-linux-gnu/debug/build/lean-bpe-codec-check/7ef54a43896e122f/out/lean_bpe_codec_check-7ef54a43896e122f)

running 2 tests
test positions::tests::storage_rejects_inverted_ranges_and_unsorted_input ... ok
test positions::tests::storage_roundtrips_seeks_and_supports_concurrent_readers ... ok

test result: ok. 2 passed; 0 failed; 0 ignored; 0 measured; 0 filtered out; finished in 22.53s

   Doc-tests lean_bpe_codec_check

running 0 tests

test result: ok. 0 passed; 0 failed; 0 ignored; 0 measured; 0 filtered out; finished in 0.00s
