   Compiling tk-encode v0.1.0-dev.2 (/root/code/tokenizers-workspaces/bpe-heap-experiment/tokenizers/tk-encode)
   Compiling tk-serialize v0.1.0-dev.2 (/root/code/tokenizers-workspaces/bpe-heap-experiment/tokenizers/tk-serialize)
   Compiling tk-train v0.1.0-dev.2 (/root/code/tokenizers-workspaces/bpe-heap-experiment/tokenizers/tk-train)
warning: method `items` is never used
   --> src/trainers/bpe/corpus.rs:127:19
    |
 61 | impl<'input> CorpusPlan<'input> {
    | ------------------------------- method in this implementation
...
127 |     pub(super) fn items(&self) -> usize {
    |                   ^^^^^
    |
    = note: `#[warn(dead_code)]` (part of `#[warn(unused)]`) on by default

warning: `tk-train` (lib) generated 1 warning
warning: `tk-train` (lib test) generated 1 warning (1 duplicate)
    Finished `test` profile [unoptimized + debuginfo] target(s) in 9.78s
     Running unittests src/lib.rs (/tmp/bpe-global-tests/debug/deps/tk_train-2b88837b23cb50f4)

running 17 tests
test trainers::bpe::positions::tests::storage_rejects_inverted_ranges_and_unsorted_input ... ok
test trainers::bpe::positions::tests::storage_roundtrips_seeks_and_supports_concurrent_readers ... ok
test trainers::bpe::tests::ready_batch_applies_independent_rules_together ... ok
test trainers::bpe::tests::feed_training_tokenizer_json_and_encoding_roundtrip ... ok
test trainers::bpe::word_counts::tests::content_equality_and_flat_serde_ignore_representation_and_order ... ok
test trainers::tests::trainer_wrapper_train_model_wrapper ... ok
test trainers::unigram::tests::test_initial_alphabet ... ok
test trainers::bpe::tests::count_domains_and_zero_merge_validation ... ok
test trainers::unigram::tests::test_to_log_prob ... ok
test trainers::unigram::tests::test_unigram_chars ... ok
test trainers::unigram::tests::test_special_tokens ... ok
test trainers::wordlevel::tests::test_train ... ok
test trainers::unigram::tests::test_unk_token ... ok
test trainers::bpe::tests::real_wide_ids_preserve_pair_order_and_separator_distinction ... ok
test trainers::bpe::tests::overlap_floor_alias_and_alphabet_boundaries ... ok
test trainers::bpe::tests::public_pools_feed_flush_errors_and_progress_matrix ... ok
test trainers::bpe::tests::generated_models_and_every_rule_match_the_sequential_oracle ... ok

test result: ok. 17 passed; 0 failed; 0 ignored; 0 measured; 0 filtered out; finished in 5.64s

   Doc-tests tk_train

running 1 test
test src/trainers/bpe/mod.rs - trainers::bpe::BpeTrainer (line 191) ... ok

test result: ok. 1 passed; 0 failed; 0 ignored; 0 measured; 0 filtered out; finished in 0.05s

all doctests ran in 0.95s; merged doctests compilation took 0.89s
