   Compiling lean-bpe-codec-check v0.0.0 (/root/code/tokenizers-simplification-results/miri-codec)
warning: constant `RESTART` is never used
  --> /root/code/tokenizers-workspaces/bpe-simplification/tokenizers/tk-train/src/trainers/bpe/engine/positions.rs:10:7
   |
10 | const RESTART: usize = 128;
   |       ^^^^^^^
   |
   = note: `#[warn(dead_code)]` (part of `#[warn(unused)]`) on by default

warning: constant `INLINE` is never used
  --> /root/code/tokenizers-workspaces/bpe-simplification/tokenizers/tk-train/src/trainers/bpe/engine/positions.rs:11:7
   |
11 | const INLINE: usize = 1 << (usize::BITS - 1);
   |       ^^^^^^

warning: constant `PAIR` is never used
  --> /root/code/tokenizers-workspaces/bpe-simplification/tokenizers/tk-train/src/trainers/bpe/engine/positions.rs:12:7
   |
12 | const PAIR: usize = 1 << (usize::BITS - 2);
   |       ^^^^

warning: constant `DELTA_MASK` is never used
  --> /root/code/tokenizers-workspaces/bpe-simplification/tokenizers/tk-train/src/trainers/bpe/engine/positions.rs:13:7
   |
13 | const DELTA_MASK: usize = PAIR - 1;
   |       ^^^^^^^^^^

warning: constant `ARENA` is never used
  --> /root/code/tokenizers-workspaces/bpe-simplification/tokenizers/tk-train/src/trainers/bpe/engine/positions.rs:14:7
   |
14 | const ARENA: usize = 1;
   |       ^^^^^

warning: struct `Arena` is never constructed
  --> /root/code/tokenizers-workspaces/bpe-simplification/tokenizers/tk-train/src/trainers/bpe/engine/positions.rs:18:19
   |
18 | pub(super) struct Arena {
   |                   ^^^^^

warning: associated items `new` and `lease` are never used
  --> /root/code/tokenizers-workspaces/bpe-simplification/tokenizers/tk-train/src/trainers/bpe/engine/positions.rs:23:19
   |
22 | impl Arena {
   | ---------- associated items in this implementation
23 |     pub(super) fn new(workers: usize, items: usize) -> Self {
   |                   ^^^
...
29 |     pub(super) fn lease(&self) -> Lease<'_> {
   |                   ^^^^^

warning: struct `Worker` is never constructed
  --> /root/code/tokenizers-workspaces/bpe-simplification/tokenizers/tk-train/src/trainers/bpe/engine/positions.rs:39:8
   |
39 | struct Worker {
   |        ^^^^^^

warning: struct `Lease` is never constructed
  --> /root/code/tokenizers-workspaces/bpe-simplification/tokenizers/tk-train/src/trainers/bpe/engine/positions.rs:44:19
   |
44 | pub(super) struct Lease<'arena> {
   |                   ^^^^^

warning: enum `Builder` is never used
  --> /root/code/tokenizers-workspaces/bpe-simplification/tokenizers/tk-train/src/trainers/bpe/engine/positions.rs:50:17
   |
50 | pub(super) enum Builder {
   |                 ^^^^^^^

warning: methods `iter`, `len`, `is_empty`, `push`, and `append` are never used
  --> /root/code/tokenizers-workspaces/bpe-simplification/tokenizers/tk-train/src/trainers/bpe/engine/positions.rs:60:19
   |
59 | impl Builder {
   | ------------ methods in this implementation
60 |     pub(super) fn iter(
   |                   ^^^^
...
68 |     pub(super) fn len(&self) -> usize {
   |                   ^^^
...
71 |     pub(super) fn is_empty(&self) -> bool {
   |                   ^^^^^^^^
...
74 |     pub(super) fn push(&mut self, position: u64) -> Result<()> {
   |                   ^^^^
...
90 |     pub(super) fn append(&mut self, mut other: Self) -> Result<()> {
   |                   ^^^^^^

warning: struct `Positions` is never constructed
   --> /root/code/tokenizers-workspaces/bpe-simplification/tokenizers/tk-train/src/trainers/bpe/engine/positions.rs:113:19
    |
113 | pub(super) struct Positions<'arena> {
    |                   ^^^^^^^^^

warning: function `prefix` is never used
   --> /root/code/tokenizers-workspaces/bpe-simplification/tokenizers/tk-train/src/trainers/bpe/engine/positions.rs:124:4
    |
124 | fn prefix(count: usize) -> usize {
    |    ^^^^^^

warning: function `layout` is never used
   --> /root/code/tokenizers-workspaces/bpe-simplification/tokenizers/tk-train/src/trainers/bpe/engine/positions.rs:128:4
    |
128 | fn layout(count: usize, bytes: usize) -> Result<Layout> {
    |    ^^^^^^

warning: multiple associated items are never used
   --> /root/code/tokenizers-workspaces/bpe-simplification/tokenizers/tk-train/src/trainers/bpe/engine/positions.rs:139:19
    |
137 | impl<'arena> Positions<'arena> {
    | ------------------------------ associated items in this implementation
138 |     #[inline]
139 |     pub(super) fn len(&self) -> usize {
    |                   ^^^
...
146 |     pub(super) fn is_empty(&self) -> bool {
    |                   ^^^^^^^^
...
149 |     fn pointer(&self) -> *mut u8 {
    |        ^^^^^^^
...
152 |     pub(super) fn from_sorted(
    |                   ^^^^^^^^^^^
...
238 |     fn bytes(&self) -> &[u8] {
    |        ^^^^^
...
248 |     fn offset(&self, block: usize) -> usize {
    |        ^^^^^^
...
256 |     pub(super) fn block_count(&self) -> usize {
    |                   ^^^^^^^^^^^
...
259 |     pub(super) fn iter(&self) -> impl Iterator<Item = u64> + '_ {
    |                   ^^^^
...
262 |     pub(super) fn read_blocks(&self, range: Range<usize>) -> impl Iterator<Item = u64> + '_ {
    |                   ^^^^^^^^^^^
...
287 |     pub(super) fn lower_bound(&self, target: u64) -> usize {
    |                   ^^^^^^^^^^^
...
305 |     pub(super) fn from(&self, index: usize) -> impl Iterator<Item = u64> + '_ {
    |                   ^^^^

warning: struct `Cursor` is never constructed
   --> /root/code/tokenizers-workspaces/bpe-simplification/tokenizers/tk-train/src/trainers/bpe/engine/positions.rs:326:8
    |
326 | struct Cursor<'a> {
    |        ^^^^^^

warning: `lean-bpe-codec-check` (lib) generated 16 warnings
    Finished `test` profile [unoptimized + debuginfo] target(s) in 0.46s
     Running unittests src/lib.rs (target/miri/x86_64-unknown-linux-gnu/debug/build/lean-bpe-codec-check/5bed763a616adcca/out/lean_bpe_codec_check-5bed763a616adcca)

running 4 tests
test positions::tests::compact_final_lists_survive_leases_and_parallel_allocations ... ok
test positions::tests::fragmented_streams_preserve_order_seeks_and_push ... ok
test positions::tests::full_u64_values_duplicates_and_restart_boundaries_roundtrip ... ok
test positions::tests::narrow_builders_promote_without_losing_prior_fragments ... ok

test result: ok. 4 passed; 0 failed; 0 ignored; 0 measured; 0 filtered out; finished in 18.88s

   Doc-tests lean_bpe_codec_check

running 0 tests

test result: ok. 0 passed; 0 failed; 0 ignored; 0 measured; 0 filtered out; finished in 0.00s

