    Updating crates.io index
     Locking 56 packages to latest Rust 1.98.1 compatible versions
      Adding arrayvec v0.7.8
      Adding assert_type_match v0.1.1
      Adding async-task v4.7.1
      Adding atomic-waker v1.1.2
      Adding bevy_ecs v0.20.0
      Adding bevy_ecs_macro_logic v0.20.0
      Adding bevy_ecs_macros v0.20.0
      Adding bevy_macro_utils v0.20.0
      Adding bevy_platform v0.20.0
      Adding bevy_ptr v0.20.0
      Adding bevy_reflect v0.20.0
      Adding bevy_reflect_derive v0.20.0
      Adding bevy_tasks v0.20.0
      Adding bevy_utils v0.20.0
      Adding bytemuck_derive v1.12.1
      Adding concurrent-queue v2.5.0
      Adding convert_case v0.10.0
      Adding critical-section v1.2.0
      Adding crossbeam-queue v0.3.14
      Adding derive_more v2.1.1
      Adding derive_more-impl v2.1.1
      Adding disqualified v1.1.0
      Adding downcast-rs v2.0.2
      Adding erased-serde v0.4.10
      Adding futures-channel v0.3.34
      Adding futures-lite v2.6.1
      Adding glam v0.33.12
      Adding hash32 v0.3.1
      Adding heapless v0.9.3
      Adding mutants v0.0.3
      Adding naga-types v30.0.1
      Adding nonmax v0.5.5
      Adding portable-atomic v1.15.0
      Adding portable-atomic-util v0.2.8
      Adding raw-window-handle v0.6.2
      Adding rustc-hash v1.1.0
      Adding rustc-hash v2.1.3
      Adding rustc_version v0.4.1
      Adding semver v1.0.28
      Adding slotmap v1.1.1
      Adding smol_str v0.2.2
      Adding spin v0.12.3
      Adding stable_deref_trait v1.2.1
      Adding tokio v1.53.2
      Adding toml_datetime v1.1.2+spec-1.1.0
      Adding toml_edit v0.25.17+spec-1.1.0
      Adding toml_parser v1.1.5+spec-1.1.0
      Adding typeid v1.0.3
      Adding unicode-xid v0.2.6
      Adding unsynn v0.3.0
      Adding uuid v1.28.0
      Adding variadics_please v2.0.0
      Adding wasm-bindgen-futures v0.4.79
      Adding web-task v1.1.3
      Adding wgpu-types v30.0.1
      Adding winnow v1.0.4
   Compiling proc-macro2 v1.0.107
   Compiling foldhash v0.2.0
   Compiling hashbrown v0.17.1
   Compiling equivalent v1.0.2
   Compiling winnow v1.0.4
   Compiling toml_datetime v1.1.2+spec-1.1.0
   Compiling unicode-segmentation v1.13.3
   Compiling hashbrown v0.16.1
   Compiling unicode-xid v0.2.6
   Compiling spin v0.12.3
   Compiling convert_case v0.10.0
   Compiling slotmap v1.1.1
   Compiling indexmap v2.14.2
   Compiling pin-project-lite v0.2.17
   Compiling mutants v0.0.3
   Compiling rustc-hash v2.1.3
   Compiling smallvec v1.16.2
   Compiling quote v1.0.47
   Compiling syn v2.0.119
   Compiling syn v3.0.6
   Compiling bevy_platform v0.20.0
   Compiling futures-core v0.3.34
   Compiling futures-lite v2.6.1
   Compiling unsynn v0.3.0
   Compiling toml_parser v1.1.5+spec-1.1.0
   Compiling crossbeam-queue v0.3.14
   Compiling async-task v4.7.1
   Compiling atomic-waker v1.1.2
   Compiling toml_edit v0.25.17+spec-1.1.0
   Compiling disqualified v1.1.0
   Compiling bevy_utils v0.20.0
   Compiling unicode-normalization-alignments v0.1.12
   Compiling variadics_please v2.0.0
   Compiling concurrent-queue v2.5.0
   Compiling bevy_ptr v0.20.0
   Compiling arrayvec v0.7.8
   Compiling nonmax v0.5.5
   Compiling serde_derive v1.0.229
   Compiling thiserror-impl v2.0.21
   Compiling thiserror v2.0.21
   Compiling tk-convert v0.1.0-dev.2 (/root/code/tokenizers-workspaces/bpe-heap-experiment/tokenizers/tk-convert)
   Compiling bevy_macro_utils v0.20.0
   Compiling bevy_ecs_macro_logic v0.20.0
   Compiling derive_more-impl v2.1.1
   Compiling mem_dbg-derive v0.3.4
   Compiling bevy_ecs_macros v0.20.0
   Compiling serde v1.0.229
   Compiling mem_dbg v0.4.4
   Compiling dary_heap v0.3.9
   Compiling spm_precompiled v0.1.4
   Compiling ahash v0.8.12
   Compiling ptr_hash v2.1.2
   Compiling compact_str v0.9.1
   Compiling derive_more v2.1.1
   Compiling bevy_tasks v0.20.0
   Compiling tk-encode v0.1.0-dev.2 (/root/code/tokenizers-workspaces/bpe-heap-experiment/tokenizers/tk-encode)
   Compiling bevy_ecs v0.20.0
   Compiling tk-train v0.1.0-dev.2 (/root/code/tokenizers-workspaces/bpe-heap-experiment/tokenizers/tk-train)
   Compiling bpe-bench-runner v0.1.0 (/root/code/tokenizers-workspaces/bpe-heap-experiment/experiments/bpe-simplification/runner)
    Finished `release` profile [optimized] target(s) in 1m 12s
