   Compiling tk-train v0.1.0-dev.2 (/root/code/tokenizers-workspaces/bpe-heap-experiment/tokenizers/tk-train)
    Finished `test` profile [unoptimized + debuginfo] target(s) in 2.54s
     Running unittests src/lib.rs (/tmp/bpe-global-tests/debug/deps/tk_train-071133e65a2cc465)

running 1 test
equal-cohort trace: [((1, 7), 12, 11), ((11, 8), 12, 8), ((8, 9), 3, 0), ((0, 10), 3, 12), ((8, 9), 3, 0), ((3, 12), 1, 13)]
equal-cohort trace: [((1, 7), 12, 11), ((11, 8), 12, 8), ((8, 9), 3, 0), ((0, 10), 3, 12), ((8, 9), 3, 0), ((3, 12), 1, 13)]
equal-cohort trace: [((1, 7), 12, 11), ((11, 8), 12, 8), ((8, 9), 3, 0), ((0, 10), 3, 12), ((8, 9), 3, 0), ((3, 12), 1, 13)]
equal-cohort trace: [((1, 7), 12, 11), ((11, 8), 12, 8), ((8, 9), 3, 0), ((0, 10), 3, 12), ((8, 9), 3, 0), ((3, 12), 1, 13)]
equal-cohort trace: [((1, 7), 12, 11), ((11, 8), 12, 8), ((8, 9), 3, 0), ((0, 10), 3, 12), ((8, 9), 3, 0), ((3, 12), 1, 13)]
equal-cohort trace: [((1, 10), 12, 11), ((11, 7), 12, 7), ((7, 8), 3, 0), ((0, 9), 3, 12), ((7, 8), 3, 0), ((3, 12), 1, 13)]
equal-cohort trace: [((1, 7), 12, 11), ((11, 8), 12, 8), ((8, 9), 3, 0), ((0, 10), 3, 12), ((8, 9), 3, 0), ((3, 12), 1, 13)]
equal-cohort trace: [((1, 10), 12, 11), ((11, 7), 12, 7), ((7, 8), 3, 0), ((0, 9), 3, 12), ((7, 8), 3, 0), ((3, 12), 1, 13)]
equal-cohort trace: [((1, 7), 12, 11), ((11, 8), 12, 8), ((8, 9), 3, 0), ((0, 10), 3, 12), ((8, 9), 3, 0), ((3, 12), 1, 13)]
equal-cohort trace: [((1, 7), 12, 11), ((11, 8), 12, 8), ((8, 9), 3, 0), ((0, 10), 3, 12), ((8, 9), 3, 0), ((3, 12), 1, 13)]
equal-cohort trace: [((1, 10), 12, 11), ((11, 7), 12, 7), ((7, 8), 3, 0), ((0, 9), 3, 12), ((7, 8), 3, 0), ((3, 12), 1, 13)]
equal-cohort trace: [((1, 7), 12, 11), ((11, 8), 12, 8), ((8, 9), 3, 0), ((0, 10), 3, 12), ((8, 9), 3, 0), ((3, 12), 1, 13)]
equal-cohort trace: [((1, 7), 12, 11), ((11, 8), 12, 8), ((8, 9), 3, 0), ((0, 10), 3, 12), ((8, 9), 3, 0), ((3, 12), 1, 13)]
equal-cohort trace: [((1, 10), 12, 11), ((11, 7), 12, 7), ((7, 8), 3, 0), ((0, 9), 3, 12), ((7, 8), 3, 0), ((3, 12), 1, 13)]
equal-cohort trace: [((1, 7), 12, 11), ((11, 8), 12, 8), ((8, 9), 3, 0), ((0, 10), 3, 12), ((8, 9), 3, 0), ((3, 12), 1, 13)]
equal-cohort trace: [((1, 7), 12, 11), ((11, 8), 12, 8), ((8, 9), 3, 0), ((0, 10), 3, 12), ((8, 9), 3, 0), ((3, 12), 1, 13)]
equal-cohort trace: [((1, 10), 12, 11), ((11, 7), 12, 7), ((7, 8), 3, 0), ((0, 9), 3, 12), ((7, 8), 3, 0), ((3, 12), 1, 13)]
equal-cohort trace: [((1, 7), 12, 11), ((11, 8), 12, 8), ((8, 9), 3, 0), ((0, 10), 3, 12), ((8, 9), 3, 0), ((3, 12), 1, 13)]
equal-cohort trace: [((1, 7), 12, 11), ((11, 8), 12, 8), ((8, 9), 3, 0), ((0, 10), 3, 12), ((8, 9), 3, 0), ((3, 12), 1, 13)]
equal-cohort trace: [((1, 10), 12, 11), ((11, 7), 12, 7), ((7, 8), 3, 0), ((0, 9), 3, 12), ((7, 8), 3, 0), ((3, 12), 1, 13)]
equal-cohort trace: [((1, 7), 12, 11), ((11, 8), 12, 8), ((8, 9), 3, 0), ((0, 10), 3, 12), ((8, 9), 3, 0), ((3, 12), 1, 13)]
equal-cohort trace: [((1, 7), 12, 11), ((11, 8), 12, 8), ((8, 9), 3, 0), ((0, 10), 3, 12), ((8, 9), 3, 0), ((3, 12), 1, 13)]
equal-cohort trace: [((1, 7), 12, 11), ((11, 8), 12, 8), ((8, 9), 3, 0), ((0, 10), 3, 12), ((8, 9), 3, 0), ((3, 12), 1, 13)]
equal-cohort trace: [((1, 7), 12, 11), ((11, 8), 12, 8), ((8, 9), 3, 0), ((0, 10), 3, 12), ((8, 9), 3, 0), ((3, 12), 1, 13)]
equal-cohort trace: [((1, 10), 12, 11), ((11, 7), 12, 7), ((7, 8), 3, 0), ((0, 9), 3, 12), ((7, 8), 3, 0), ((3, 12), 1, 13)]
equal-cohort trace: [((1, 10), 12, 11), ((11, 7), 12, 7), ((7, 8), 3, 0), ((0, 9), 3, 12), ((7, 8), 3, 0), ((3, 12), 1, 13)]
equal-cohort trace: [((1, 10), 12, 11), ((11, 7), 12, 7), ((7, 8), 3, 0), ((0, 9), 3, 12), ((7, 8), 3, 0), ((3, 12), 1, 13)]
equal-cohort trace: [((1, 7), 12, 11), ((11, 8), 12, 8), ((8, 9), 3, 0), ((0, 10), 3, 12), ((8, 9), 3, 0), ((3, 12), 1, 13)]
equal-cohort trace: [((1, 7), 12, 11), ((11, 8), 12, 8), ((8, 9), 3, 0), ((0, 10), 3, 12), ((8, 9), 3, 0), ((3, 12), 1, 13)]
equal-cohort trace: [((1, 10), 12, 11), ((11, 7), 12, 7), ((7, 8), 3, 0), ((0, 9), 3, 12), ((7, 8), 3, 0), ((3, 12), 1, 13)]
equal-cohort trace: [((1, 10), 12, 11), ((11, 7), 12, 7), ((7, 8), 3, 0), ((0, 9), 3, 12), ((7, 8), 3, 0), ((3, 12), 1, 13)]
equal-cohort trace: [((1, 10), 12, 11), ((11, 7), 12, 7), ((7, 8), 3, 0), ((0, 9), 3, 12), ((7, 8), 3, 0), ((3, 12), 1, 13)]
test trainers::bpe::engine::tests::diagnostic_equal_priority_reuse_cohort ... ok

test result: ok. 1 passed; 0 failed; 0 ignored; 0 measured; 17 filtered out; finished in 2.73s

