   Compiling tk-train v0.1.0-dev.0 (/root/code/tokenizers-worktrees/affix-parallel/tokenizers/tk-train)
warning: methods `train_vocab_indexed_parallel` and `train_vocab_fused` are never used
   --> src/trainers/bpe/indexed.rs:815:19
    |
814 | impl BpeTrainer {
    | --------------- methods in this implementation
815 |     pub(super) fn train_vocab_indexed_parallel(
    |                   ^^^^^^^^^^^^^^^^^^^^^^^^^^^^
...
852 |     pub(super) fn train_vocab_fused(&self) -> Result<IndexedTraining> {
    |                   ^^^^^^^^^^^^^^^^^
    |
    = note: `#[warn(dead_code)]` (part of `#[warn(unused)]`) on by default

warning: method `len` is never used
  --> src/trainers/bpe/indexed/parallel/candidate_heap.rs:80:19
   |
32 | impl CandidateHeap {
   | ------------------ method in this implementation
...
80 |     pub(super) fn len(&self) -> usize {
   |                   ^^^

warning: `tk-train` (lib test) generated 2 warnings
    Finished `test` profile [unoptimized + debuginfo] target(s) in 4.13s
     Running unittests src/lib.rs (/root/code/tokenizers/tokenizers/target/debug/deps/tk_train-c709caa9759f7b2d)

running 3 tests
test trainers::bpe::indexed::cohort_parallel::tests::parallel_cohorts_keep_full_u64_weights_beyond_the_hf_reference_i32_domain ... ok
test trainers::bpe::indexed::cohort_parallel::tests::wide_initial_ids_keep_general_hash_counts_and_parallel_cohorts ... ok
test trainers::bpe::indexed::cohort_parallel::tests::word_partitioning_preserves_hf_aliases_lengths_aa_and_zero_weights ... ok

test result: ok. 3 passed; 0 failed; 0 ignored; 0 measured; 70 filtered out; finished in 4.89s

