    Checking cfg-if v1.0.5
    Checking serde_core v1.0.229
    Checking crossbeam-utils v0.8.23
    Checking libc v0.2.190
    Checking either v1.19.0
    Checking rand_core v0.10.1
    Checking zerocopy v0.8.62
    Checking bitflags v2.13.2
    Checking equivalent v1.0.2
    Checking memchr v2.8.3
    Checking foldhash v0.2.0
    Checking allocator-api2 v0.2.21
    Checking crossbeam-epoch v0.9.21
    Checking crossbeam-deque v0.8.8
    Checking cpufeatures v0.3.1
    Checking once_cell v1.21.4
    Checking tap v1.0.1
    Checking linux-raw-sys v0.12.1
    Checking rayon-core v1.13.0
    Checking wyz v0.5.1
    Checking chacha20 v0.10.2
    Checking rustix v1.1.5
    Checking rayon v1.12.0
    Checking hashbrown v0.16.1
    Checking getrandom v0.4.3
    Checking radium v0.7.0
    Checking byteorder v1.5.0
    Checking arbitrary-chunks v0.4.1
    Checking partition v0.1.2
    Checking fastrand v2.5.0
    Checking funty v2.0.0
    Checking minimal-lexical v0.2.1
    Checking bytemuck v1.25.2
    Checking serde v1.0.229
    Checking bitvec v1.1.1
    Checking safe_arch v1.2.0
    Checking nom v7.1.3
    Checking tempfile v3.27.0
    Checking mem_dbg v0.4.4
    Checking fxhash v0.2.1
    Checking thiserror v2.0.21
    Checking rand v0.10.3
    Checking rdst v0.20.14
    Checking getrandom v0.3.4
    Checking itertools v0.14.0
    Checking itertools v0.15.0
    Checking smallvec v1.16.3
    Checking unicode-segmentation v1.13.3
    Checking ppv-lite86 v0.2.21
    Checking log v0.4.34
    Checking itoa v1.0.18
    Checking bitcannon v0.1.0-dev.2 (/root/code/tokenizers-workspaces/bpe-heap-experiment/tokenizers/bitcannon)
    Checking base64 v0.13.1
    Checking rand_chacha v0.10.0
    Checking tinyvec v1.13.3
    Checking prefetch-index v0.2.1
    Checking xxhash-rust v0.8.19
    Checking colored v3.1.1
    Checking rayon-cond v0.4.0
    Checking spm_precompiled v0.1.4
    Checking ahash v0.8.12
    Checking unicode-normalization v0.1.25
    Checking unicode-normalization-alignments v0.1.12
    Checking zmij v1.0.23
    Checking ptr_hash v2.1.2
    Checking wide v1.7.1
    Checking dary_heap v0.3.9
    Checking unicode_categories v0.1.1
    Checking yada v0.7.0
    Checking saa v5.6.2
    Checking serde_json v1.0.151
    Checking castaway v0.2.4
    Checking static_assertions v1.1.0
    Checking ryu v1.0.23
    Checking hashbrown v0.17.1
    Checking compact_str v0.9.1
    Checking esaxx-rs v0.1.10
    Checking sdd v4.8.11
    Checking branches v0.5.1
    Checking fixedbitset v0.5.7
    Checking hifijson v0.5.0
    Checking base64 v0.22.1
    Checking scc v3.8.8
    Checking indexmap v2.14.2
    Checking assert_approx_eq v1.1.0
    Checking tk-convert v0.1.0-dev.2 (/root/code/tokenizers-workspaces/bpe-heap-experiment/tokenizers/tk-convert)
    Checking tk-encode v0.1.0-dev.2 (/root/code/tokenizers-workspaces/bpe-heap-experiment/tokenizers/tk-encode)
    Checking tk-serialize v0.1.0-dev.2 (/root/code/tokenizers-workspaces/bpe-heap-experiment/tokenizers/tk-serialize)
    Checking tk-train v0.1.0-dev.2 (/root/code/tokenizers-workspaces/bpe-heap-experiment/tokenizers/tk-train)
    Finished `dev` profile [unoptimized + debuginfo] target(s) in 18.08s
