   Compiling proc-macro2 v1.0.107
   Compiling quote v1.0.47
   Compiling unicode-ident v1.0.26
   Compiling cfg-if v1.0.5
   Compiling libc v0.2.189
   Compiling version_check v0.9.5
   Compiling serde_core v1.0.229
   Compiling zerocopy v0.8.59
   Compiling crossbeam-utils v0.8.23
   Compiling crossbeam-epoch v0.9.21
   Compiling getrandom v0.3.4
   Compiling memchr v2.8.3
   Compiling serde v1.0.229
   Compiling syn v2.0.119
   Compiling syn v3.0.6
   Compiling crossbeam-deque v0.8.8
   Compiling rayon-core v1.13.0
   Compiling either v1.18.0
   Compiling rand_core v0.10.1
   Compiling once_cell v1.21.4
   Compiling ahash v0.8.12
   Compiling ident_case v1.0.1
   Compiling strsim v0.11.1
   Compiling getrandom v0.4.3
   Compiling fnv v1.0.7
   Compiling generic-array v0.14.7
   Compiling zmij v1.0.23
   Compiling radium v0.7.0
   Compiling rayon v1.12.0
   Compiling rustix v1.1.5
   Compiling thiserror v2.0.21
   Compiling serde_derive v1.0.229
   Compiling darling_core v0.20.11
   Compiling ppv-lite86 v0.2.21
   Compiling rustversion v1.0.23
   Compiling bitflags v2.13.2
   Compiling thiserror-impl v2.0.21
   Compiling linux-raw-sys v0.12.1
   Compiling serde_json v1.0.151
   Compiling paste v1.0.15
   Compiling minimal-lexical v0.2.1
   Compiling equivalent v1.0.2
   Compiling foldhash v0.2.0
   Compiling cpufeatures v0.3.1
   Compiling allocator-api2 v0.2.21
   Compiling typenum v1.20.1
   Compiling itoa v1.0.18
   Compiling darling_macro v0.20.11
   Compiling tap v1.0.1
   Compiling wyz v0.5.1
   Compiling hashbrown v0.16.1
   Compiling darling v0.20.11
   Compiling nom v7.1.3
   Compiling chacha20 v0.10.2
   Compiling mem_dbg-derive v0.3.4
   Compiling itertools v0.14.0
   Compiling aho-corasick v1.1.5
   Compiling bytemuck v1.25.2
   Compiling arbitrary-chunks v0.4.1
   Compiling unicode-segmentation v1.13.3
   Compiling esaxx-rs v0.1.10
   Compiling smallvec v1.16.2
   Compiling funty v2.0.0
   Compiling fastrand v2.5.0
   Compiling regex-syntax v0.8.11
   Compiling base64 v0.13.1
   Compiling partition v0.1.2
   Compiling log v0.4.34
   Compiling byteorder v1.5.0
   Compiling rayon-cond v0.4.0
   Compiling rdst v0.20.14
   Compiling spm_precompiled v0.1.4
   Compiling fxhash v0.2.1
   Compiling tempfile v3.27.0
   Compiling bitvec v1.1.1
   Compiling unicode-normalization-alignments v0.1.12
   Compiling safe_arch v1.2.0
   Compiling regex-automata v0.4.18
   Compiling castaway v0.2.4
   Compiling mem_dbg v0.4.4
   Compiling bitcannon v0.1.0-dev.0 (/root/code/tokenizers/benchmarks/hf-bpe/.build/native-j-current-perf/source/tokenizers/bitcannon)
   Compiling dary_heap v0.3.9
   Compiling rand v0.10.3
   Compiling derive_builder_core v0.20.2
   Compiling rand_chacha v0.10.0
   Compiling itertools v0.15.0
   Compiling rand_core v0.9.5
   Compiling prefetch-index v0.2.1
   Compiling static_assertions v1.1.0
   Compiling xxhash-rust v0.8.19
   Compiling unicode_categories v0.1.1
   Compiling ryu v1.0.23
   Compiling colored v3.1.1
   Compiling tinyvec v1.13.3
   Compiling bit-vec v0.8.0
   Compiling ptr_hash v2.1.2
   Compiling bit-set v0.8.0
   Compiling unicode-normalization v0.1.25
   Compiling compact_str v0.9.1
   Compiling rand_chacha v0.9.0
   Compiling derive_builder_macro v0.20.2
   Compiling wide v1.7.1
   Compiling block-buffer v0.10.4
   Compiling crypto-common v0.1.7
   Compiling monostate-impl v0.1.18
   Compiling macro_rules_attribute-proc_macro v0.2.3
   Compiling pastey v0.2.3
   Compiling yada v0.7.0
   Compiling macro_rules_attribute v0.2.3
   Compiling monostate v0.1.18
   Compiling digest v0.10.7
   Compiling derive_builder v0.20.2
   Compiling rand v0.9.5
   Compiling fancy-regex v0.17.0
   Compiling regex v1.13.1
   Compiling tk-convert v0.1.0-dev.0 (/root/code/tokenizers/benchmarks/hf-bpe/.build/native-j-current-perf/source/tokenizers/tk-convert)
   Compiling daachorse v3.0.3
   Compiling cpufeatures v0.2.17
   Compiling sha2 v0.10.9
   Compiling tokenizers v0.23.2
   Compiling tk-encode v0.1.0-dev.0 (/root/code/tokenizers/benchmarks/hf-bpe/.build/native-j-current-perf/source/tokenizers/tk-encode)
   Compiling tk-train v0.1.0-dev.0 (/root/code/tokenizers/benchmarks/hf-bpe/.build/native-j-current-perf/source/tokenizers/tk-train)
warning: struct `Merge` is never constructed
  --> /root/code/tokenizers/benchmarks/hf-bpe/.build/native-j-current-perf/source/tokenizers/tk-train/src/trainers/bpe/mod.rs:31:8
   |
31 | struct Merge {
   |        ^^^^^
   |
   = note: `#[warn(dead_code)]` (part of `#[warn(unused)]`) on by default

warning: methods `tokenize_words`, `count_pairs`, and `do_train_observed` are never used
   --> /root/code/tokenizers/benchmarks/hf-bpe/.build/native-j-current-perf/source/tokenizers/tk-train/src/trainers/bpe/mod.rs:389:8
    |
254 | impl BpeTrainer {
    | --------------- methods in this implementation
...
389 |     fn tokenize_words(
    |        ^^^^^^^^^^^^^^
...
435 |     fn count_pairs(
    |        ^^^^^^^^^^^
...
530 |     fn do_train_observed(
    |        ^^^^^^^^^^^^^^^^^

warning: methods `train_vocab_indexed_parallel`, `train_vocab_indexed`, `train_vocab_fused`, and `do_train_fused` are never used
   --> /root/code/tokenizers/benchmarks/hf-bpe/.build/native-j-current-perf/source/tokenizers/tk-train/src/trainers/bpe/indexed.rs:591:19
    |
590 | impl BpeTrainer {
    | --------------- methods in this implementation
591 |     pub(super) fn train_vocab_indexed_parallel(
    |                   ^^^^^^^^^^^^^^^^^^^^^^^^^^^^
...
622 |     pub(super) fn train_vocab_indexed(&self) -> Result<IndexedTraining> {
    |                   ^^^^^^^^^^^^^^^^^^^
...
628 |     pub(super) fn train_vocab_fused(&self) -> Result<IndexedTraining> {
    |                   ^^^^^^^^^^^^^^^^^
...
632 |     pub(super) fn do_train_fused(
    |                   ^^^^^^^^^^^^^^

warning: method `weight` is never used
   --> /root/code/tokenizers/benchmarks/hf-bpe/.build/native-j-current-perf/source/tokenizers/tk-train/src/trainers/bpe/indexed/parallel.rs:193:8
    |
183 | impl<O: Offset, const INLINE: usize> Block<O, INLINE> {
    | ----------------------------------------------------- method in this implementation
...
193 |     fn weight(&self, position: usize, uniform: Option<u64>) -> u64 {
    |        ^^^^^^

warning: method `len` is never used
  --> /root/code/tokenizers/benchmarks/hf-bpe/.build/native-j-current-perf/source/tokenizers/tk-train/src/trainers/bpe/indexed/parallel/candidate_heap.rs:80:19
   |
32 | impl CandidateHeap {
   | ------------------ method in this implementation
...
80 |     pub(super) fn len(&self) -> usize {
   |                   ^^^

warning: struct `Symbol` is never constructed
  --> /root/code/tokenizers/benchmarks/hf-bpe/.build/native-j-current-perf/source/tokenizers/tk-train/src/trainers/bpe/word.rs:46:19
   |
46 | pub(crate) struct Symbol {
   |                   ^^^^^^

warning: struct `Word` is never constructed
  --> /root/code/tokenizers/benchmarks/hf-bpe/.build/native-j-current-perf/source/tokenizers/tk-train/src/trainers/bpe/word.rs:53:12
   |
53 | pub struct Word {
   |            ^^^^

warning: associated items `new`, `add`, `merge`, `get_chars`, and `get_chars_iter` are never used
   --> /root/code/tokenizers/benchmarks/hf-bpe/.build/native-j-current-perf/source/tokenizers/tk-train/src/trainers/bpe/word.rs:75:12
    |
 74 | impl Word {
    | --------- associated items in this implementation
 75 |     pub fn new() -> Self {
    |            ^^^
...
 79 |     pub fn add(&mut self, c: u32, byte_len: usize) {
    |            ^^^
...
 99 |     pub fn merge(
    |            ^^^^^
...
154 |     pub fn get_chars(&self) -> Vec<u32> {
    |            ^^^^^^^^^
...
158 |     pub fn get_chars_iter(&self) -> impl ExactSizeIterator<Item = u32> + '_ {
    |            ^^^^^^^^^^^^^^

warning: `tk-train` (lib) generated 8 warnings
   Compiling hf-bpe-native-j-current-perf v0.1.0 (/root/code/tokenizers/benchmarks/hf-bpe/.build/native-j-current-perf/runner)
    Finished `release` profile [optimized + debuginfo] target(s) in 2m 01s
